SDPA start at [Tue Sep 22 13:38:08 2026]
param  is tmp/sdpa_dat/param.sdpa 
data   is tmp/sdpa_dat/sdp.dat-s  : sparse
out    is tmp/sdpa_dat/sdpa.out
NumThreads  is set as 1
Schur computation : DENSE 
   mu      thetaP  thetaD  objP      objD      alphaP  alphaD  beta 
 0 1.0e+04 1.0e+00 1.0e+00 -0.00e+00 +1.77e+06 8.1e-01 8.7e-01 2.00e-01
 1 2.5e+03 1.9e-01 1.3e-01 +1.45e+04 +2.48e+05 8.6e-01 8.6e-01 2.00e-01
 2 5.4e+02 2.7e-02 1.9e-02 +1.74e+04 +4.41e+04 8.4e-01 8.6e-01 2.00e-01
 3 1.6e+02 4.3e-03 2.6e-03 +1.78e+04 +1.64e+04 5.9e-01 8.8e-01 2.00e-01
 4 5.5e+01 1.8e-03 3.1e-04 +1.78e+04 +1.61e+04 3.3e-01 3.2e-01 2.00e-01
 5 4.0e+01 1.2e-03 2.1e-04 +1.78e+04 +1.68e+04 4.0e-01 3.8e-01 2.00e-01
 6 2.8e+01 7.1e-04 1.3e-04 +1.80e+04 +1.74e+04 5.9e-01 4.4e-01 2.00e-01
 7 1.8e+01 2.9e-04 7.3e-05 +1.83e+04 +1.78e+04 8.0e-01 6.1e-01 2.00e-01
 8 8.5e+00 5.8e-05 2.9e-05 +1.85e+04 +1.82e+04 1.0e+00 8.9e-01 2.00e-01
 9 2.2e+00 9.8e-15 3.0e-06 +1.86e+04 +1.85e+04 1.1e+00 8.9e-01 2.00e-01
10 5.6e-01 2.0e-14 3.4e-07 +1.86e+04 +1.85e+04 1.3e+00 7.9e-01 2.00e-01
11 1.9e-01 1.5e-14 2.2e-07 +1.86e+04 +1.86e+04 1.6e+00 8.9e-01 2.00e-01
12 5.2e-02 1.8e-14 3.4e-08 +1.86e+04 +1.86e+04 1.1e+00 8.4e-01 2.00e-01
13 1.6e-02 1.3e-14 3.6e-08 +1.86e+04 +1.86e+04 1.3e+00 8.0e-01 2.00e-01
14 5.4e-03 4.0e-14 7.0e-09 +1.86e+04 +1.86e+04 1.3e+00 7.9e-01 2.00e-01
15 1.9e-03 3.8e-14 9.1e-09 +1.86e+04 +1.86e+04 1.4e+00 7.5e-01 2.00e-01
16 7.4e-04 1.7e-14 6.0e-08 +1.86e+04 +1.86e+04 1.3e+00 6.9e-01 2.00e-01
17 3.2e-04 3.5e-14 1.8e-08 +1.86e+04 +1.86e+04 1.5e+00 1.0e+00 2.00e-01
18 6.3e-05 4.1e-14 3.0e-08 +1.86e+04 +1.86e+04 1.5e+00 1.0e+00 2.00e-01

phase.value  = pFEAS     
   Iteration = 18
          mu = +6.2662637120619735e-05
relative gap = +4.4471510962256918e-07
        gap  = -8.2584485098777805e-03
     digits  = +6.3519181147286492e+00
objValPrimal = +1.8570195828422216e+04
objValDual   = +1.8570204086870726e+04
p.feas.error = +7.3947825640630072e-10
d.feas.error = +9.1045130830025300e-06
total time   = 0.019878
** Parameters **
maxIteration = 100
epsilonStar  = +1.0000000000000001e-09
lambdaStar   = +1.0000000000000000e+02
omegaStar    = +2.0000000000000000e+00
lowerBound   = -1.0000000000000000e+05
upperBound   = +1.0000000000000000e+05
betaStar     = +1.0000000000000001e-01
betaBar      = +2.0000000000000001e-01
gammaStar    = +9.0000000000000002e-01
epsilonDash  = +1.0000000000000001e-09
xPrint       = %+14.9e 
XPrint       = %+14.9e 
YPrint       = %+14.9e 
infPrint     = %+10.16e 

                         Time(sec)  Ratio(% : MainLoop) 
 Predictor time  =       0.012156,  64.198574
 Corrector time  =       0.000596,  3.147610
 Make bMat time  =       0.011528,  60.881965
 Make bDia time  =       0.000000,  0.000000
 Make bF1  time  =       0.000000,  0.000000
 Make bF2  time  =       0.000000,  0.000000
 Make bF3  time  =       0.000000,  0.000000
 Make bPRE time  =       0.000267,  1.410087
 Make rMat time  =       0.000246,  1.299181
 Make gVec Mul   =       0.000147,  0.776340
 Make gVec time  =       0.000199,  1.050964
 Cholesky bMat   =       0.000450,  2.376551
 Ste Pre time    =       0.000001,  0.005281
 Ste Cor time    =       0.003509,  18.531819
 solve           =       0.000059,  0.311592
 sumDz           =       0.000091,  0.480591
 makedX          =       0.000447,  2.360708
 symmetriseDx    =       0.000056,  0.295749
 makedXdZ        =       0.000597,  3.152891
 xMatTime        =       0.001658,  8.756271
 zMatTime        =       0.000324,  1.711117
 invzMatTime     =       0.000000,  0.000000
 xMatzMatTime    =       0.000000,  0.000000
 EigxMatTime     =       0.001812,  9.569580
 EigzMatTime     =       0.001679,  8.867177
 EigxMatzMatTime =       0.000000,  0.000000
 updateRes       =       0.000102,  0.538685
 EigTime         =       0.003491,  18.436757
 sub_total_bMat  =       0.007407,  39.118035
 Main Loop       =       0.018935,  100.000000
 File Check      =       0.000000,  0.000000
 File Change     =       0.000001,  0.005281
 File Read       =       0.000942,  4.974914
 Total           =       0.019878,  104.980195

xVec = 
{+1.857019583e+04,+4.264495854e+05,-0.000000000e+00,-0.000000000e+00,+1.026330291e-06,-0.000000000e+00,+4.264495854e+05,-0.000000000e+00,-0.000000000e+00,-0.000000000e+00,+4.264495854e+05,+1.483186381e+00,+2.775950025e+00,+4.513624419e-01,+7.776317421e-02,-5.952036989e-02,+1.347214886e-02,-7.889465488e-03,+8.423622698e-02,+2.054119276e-02,-1.224217555e+00,+1.151760281e+00,+1.027998628e+06,+2.980117165e+00,+9.066210149e-01,+4.443576570e+03,+3.634731927e+02,+2.972121491e-02,+2.975559652e+01,+7.524502157e-02,+4.473222418e+03,-6.609435720e+02,+8.078973078e+03,-1.656780217e-01,+1.468902588e+04,+1.770540414e+00,+6.250540008e-01,+1.789180788e-01,+4.728973395e-02,+1.372334452e-02,+1.834589087e-01,-1.988091188e-02,+1.560539383e-02,-3.127079248e-03,+1.252684729e-01,+5.397152096e-01,+2.264137435e+00,+4.675698748e-01,+5.537665508e-01}
xMat = 
{
{ {+8.471888962e+02,-9.381336784e-02,+6.180039126e-04,-1.639213080e-04,-9.070416740e-02,-1.093477669e+00,-1.383085767e-01,+3.068151045e+00,+2.636411417e-02,+7.767260729e-01,-2.304114786e+00,+1.892274253e-01,-5.461179786e-03,-2.031485307e+00,+8.634274816e+00,+1.105571821e+00,-1.802273995e+01,-3.616412716e+00,-7.756469594e-01,-3.554154634e+00,-1.409708326e+00,+2.454648096e-01,+6.764488392e+00,-1.383877775e+01,+4.888426927e+00,-6.814908566e+00,-8.965748445e+00,-9.732034756e-01,+2.336143621e-01,-1.433775668e+00,+2.542473135e+00 },
  {-9.381336784e-02,+1.000000000e+00,+0.000000000e+00,+0.000000000e+00,+0.000000000e+00,+0.000000000e+00,+0.000000000e+00,+0.000000000e+00,+0.000000000e+00,+0.000000000e+00,+0.000000000e+00,+0.000000000e+00,+0.000000000e+00,+0.000000000e+00,+0.000000000e+00,+0.000000000e+00,+0.000000000e+00,+0.000000000e+00,+0.000000000e+00,+0.000000000e+00,+0.000000000e+00,+0.000000000e+00,+0.000000000e+00,+0.000000000e+00,+0.000000000e+00,+0.000000000e+00,+0.000000000e+00,+0.000000000e+00,+0.000000000e+00,+0.000000000e+00,+0.000000000e+00 },
  {+6.180039126e-04,+0.000000000e+00,+1.000000000e+00,+0.000000000e+00,+0.000000000e+00,+0.000000000e+00,+0.000000000e+00,+0.000000000e+00,+0.000000000e+00,+0.000000000e+00,+0.000000000e+00,+0.000000000e+00,+0.000000000e+00,+0.000000000e+00,+0.000000000e+00,+0.000000000e+00,+0.000000000e+00,+0.000000000e+00,+0.000000000e+00,+0.000000000e+00,+0.000000000e+00,+0.000000000e+00,+0.000000000e+00,+0.000000000e+00,+0.000000000e+00,+0.000000000e+00,+0.000000000e+00,+0.000000000e+00,+0.000000000e+00,+0.000000000e+00,+0.000000000e+00 },
  {-1.639213080e-04,+0.000000000e+00,+0.000000000e+00,+1.000000000e+00,+0.000000000e+00,+0.000000000e+00,+0.000000000e+00,+0.000000000e+00,+0.000000000e+00,+0.000000000e+00,+0.000000000e+00,+0.000000000e+00,+0.000000000e+00,+0.000000000e+00,+0.000000000e+00,+0.000000000e+00,+0.000000000e+00,+0.000000000e+00,+0.000000000e+00,+0.000000000e+00,+0.000000000e+00,+0.000000000e+00,+0.000000000e+00,+0.000000000e+00,+0.000000000e+00,+0.000000000e+00,+0.000000000e+00,+0.000000000e+00,+0.000000000e+00,+0.000000000e+00,+0.000000000e+00 },
  {-9.070416740e-02,+0.000000000e+00,+0.000000000e+00,+0.000000000e+00,+1.000000000e+00,+0.000000000e+00,+0.000000000e+00,+0.000000000e+00,+0.000000000e+00,+0.000000000e+00,+0.000000000e+00,+0.000000000e+00,+0.000000000e+00,+0.000000000e+00,+0.000000000e+00,+0.000000000e+00,+0.000000000e+00,+0.000000000e+00,+0.000000000e+00,+0.000000000e+00,+0.000000000e+00,+0.000000000e+00,+0.000000000e+00,+0.000000000e+00,+0.000000000e+00,+0.000000000e+00,+0.000000000e+00,+0.000000000e+00,+0.000000000e+00,+0.000000000e+00,+0.000000000e+00 },
  {-1.093477669e+00,+0.000000000e+00,+0.000000000e+00,+0.000000000e+00,+0.000000000e+00,+1.000000000e+00,+0.000000000e+00,+0.000000000e+00,+0.000000000e+00,+0.000000000e+00,+0.000000000e+00,+0.000000000e+00,+0.000000000e+00,+0.000000000e+00,+0.000000000e+00,+0.000000000e+00,+0.000000000e+00,+0.000000000e+00,+0.000000000e+00,+0.000000000e+00,+0.000000000e+00,+0.000000000e+00,+0.000000000e+00,+0.000000000e+00,+0.000000000e+00,+0.000000000e+00,+0.000000000e+00,+0.000000000e+00,+0.000000000e+00,+0.000000000e+00,+0.000000000e+00 },
  {-1.383085767e-01,+0.000000000e+00,+0.000000000e+00,+0.000000000e+00,+0.000000000e+00,+0.000000000e+00,+1.000000000e+00,+0.000000000e+00,+0.000000000e+00,+0.000000000e+00,+0.000000000e+00,+0.000000000e+00,+0.000000000e+00,+0.000000000e+00,+0.000000000e+00,+0.000000000e+00,+0.000000000e+00,+0.000000000e+00,+0.000000000e+00,+0.000000000e+00,+0.000000000e+00,+0.000000000e+00,+0.000000000e+00,+0.000000000e+00,+0.000000000e+00,+0.000000000e+00,+0.000000000e+00,+0.000000000e+00,+0.000000000e+00,+0.000000000e+00,+0.000000000e+00 },
  {+3.068151045e+00,+0.000000000e+00,+0.000000000e+00,+0.000000000e+00,+0.000000000e+00,+0.000000000e+00,+0.000000000e+00,+1.000000000e+00,+0.000000000e+00,+0.000000000e+00,+0.000000000e+00,+0.000000000e+00,+0.000000000e+00,+0.000000000e+00,+0.000000000e+00,+0.000000000e+00,+0.000000000e+00,+0.000000000e+00,+0.000000000e+00,+0.000000000e+00,+0.000000000e+00,+0.000000000e+00,+0.000000000e+00,+0.000000000e+00,+0.000000000e+00,+0.000000000e+00,+0.000000000e+00,+0.000000000e+00,+0.000000000e+00,+0.000000000e+00,+0.000000000e+00 },
  {+2.636411417e-02,+0.000000000e+00,+0.000000000e+00,+0.000000000e+00,+0.000000000e+00,+0.000000000e+00,+0.000000000e+00,+0.000000000e+00,+1.000000000e+00,+0.000000000e+00,+0.000000000e+00,+0.000000000e+00,+0.000000000e+00,+0.000000000e+00,+0.000000000e+00,+0.000000000e+00,+0.000000000e+00,+0.000000000e+00,+0.000000000e+00,+0.000000000e+00,+0.000000000e+00,+0.000000000e+00,+0.000000000e+00,+0.000000000e+00,+0.000000000e+00,+0.000000000e+00,+0.000000000e+00,+0.000000000e+00,+0.000000000e+00,+0.000000000e+00,+0.000000000e+00 },
  {+7.767260729e-01,+0.000000000e+00,+0.000000000e+00,+0.000000000e+00,+0.000000000e+00,+0.000000000e+00,+0.000000000e+00,+0.000000000e+00,+0.000000000e+00,+1.000000000e+00,+0.000000000e+00,+0.000000000e+00,+0.000000000e+00,+0.000000000e+00,+0.000000000e+00,+0.000000000e+00,+0.000000000e+00,+0.000000000e+00,+0.000000000e+00,+0.000000000e+00,+0.000000000e+00,+0.000000000e+00,+0.000000000e+00,+0.000000000e+00,+0.000000000e+00,+0.000000000e+00,+0.000000000e+00,+0.000000000e+00,+0.000000000e+00,+0.000000000e+00,+0.000000000e+00 },
  {-2.304114786e+00,+0.000000000e+00,+0.000000000e+00,+0.000000000e+00,+0.000000000e+00,+0.000000000e+00,+0.000000000e+00,+0.000000000e+00,+0.000000000e+00,+0.000000000e+00,+1.000000000e+00,+0.000000000e+00,+0.000000000e+00,+0.000000000e+00,+0.000000000e+00,+0.000000000e+00,+0.000000000e+00,+0.000000000e+00,+0.000000000e+00,+0.000000000e+00,+0.000000000e+00,+0.000000000e+00,+0.000000000e+00,+0.000000000e+00,+0.000000000e+00,+0.000000000e+00,+0.000000000e+00,+0.000000000e+00,+0.000000000e+00,+0.000000000e+00,+0.000000000e+00 },
  {+1.892274253e-01,+0.000000000e+00,+0.000000000e+00,+0.000000000e+00,+0.000000000e+00,+0.000000000e+00,+0.000000000e+00,+0.000000000e+00,+0.000000000e+00,+0.000000000e+00,+0.000000000e+00,+1.000000000e+00,+0.000000000e+00,+0.000000000e+00,+0.000000000e+00,+0.000000000e+00,+0.000000000e+00,+0.000000000e+00,+0.000000000e+00,+0.000000000e+00,+0.000000000e+00,+0.000000000e+00,+0.000000000e+00,+0.000000000e+00,+0.000000000e+00,+0.000000000e+00,+0.000000000e+00,+0.000000000e+00,+0.000000000e+00,+0.000000000e+00,+0.000000000e+00 },
  {-5.461179786e-03,+0.000000000e+00,+0.000000000e+00,+0.000000000e+00,+0.000000000e+00,+0.000000000e+00,+0.000000000e+00,+0.000000000e+00,+0.000000000e+00,+0.000000000e+00,+0.000000000e+00,+0.000000000e+00,+1.000000000e+00,+0.000000000e+00,+0.000000000e+00,+0.000000000e+00,+0.000000000e+00,+0.000000000e+00,+0.000000000e+00,+0.000000000e+00,+0.000000000e+00,+0.000000000e+00,+0.000000000e+00,+0.000000000e+00,+0.000000000e+00,+0.000000000e+00,+0.000000000e+00,+0.000000000e+00,+0.000000000e+00,+0.000000000e+00,+0.000000000e+00 },
  {-2.031485307e+00,+0.000000000e+00,+0.000000000e+00,+0.000000000e+00,+0.000000000e+00,+0.000000000e+00,+0.000000000e+00,+0.000000000e+00,+0.000000000e+00,+0.000000000e+00,+0.000000000e+00,+0.000000000e+00,+0.000000000e+00,+1.000000000e+00,+0.000000000e+00,+0.000000000e+00,+0.000000000e+00,+0.000000000e+00,+0.000000000e+00,+0.000000000e+00,+0.000000000e+00,+0.000000000e+00,+0.000000000e+00,+0.000000000e+00,+0.000000000e+00,+0.000000000e+00,+0.000000000e+00,+0.000000000e+00,+0.000000000e+00,+0.000000000e+00,+0.000000000e+00 },
  {+8.634274816e+00,+0.000000000e+00,+0.000000000e+00,+0.000000000e+00,+0.000000000e+00,+0.000000000e+00,+0.000000000e+00,+0.000000000e+00,+0.000000000e+00,+0.000000000e+00,+0.000000000e+00,+0.000000000e+00,+0.000000000e+00,+0.000000000e+00,+1.000000000e+00,+0.000000000e+00,+0.000000000e+00,+0.000000000e+00,+0.000000000e+00,+0.000000000e+00,+0.000000000e+00,+0.000000000e+00,+0.000000000e+00,+0.000000000e+00,+0.000000000e+00,+0.000000000e+00,+0.000000000e+00,+0.000000000e+00,+0.000000000e+00,+0.000000000e+00,+0.000000000e+00 },
  {+1.105571821e+00,+0.000000000e+00,+0.000000000e+00,+0.000000000e+00,+0.000000000e+00,+0.000000000e+00,+0.000000000e+00,+0.000000000e+00,+0.000000000e+00,+0.000000000e+00,+0.000000000e+00,+0.000000000e+00,+0.000000000e+00,+0.000000000e+00,+0.000000000e+00,+1.000000000e+00,+0.000000000e+00,+0.000000000e+00,+0.000000000e+00,+0.000000000e+00,+0.000000000e+00,+0.000000000e+00,+0.000000000e+00,+0.000000000e+00,+0.000000000e+00,+0.000000000e+00,+0.000000000e+00,+0.000000000e+00,+0.000000000e+00,+0.000000000e+00,+0.000000000e+00 },
  {-1.802273995e+01,+0.000000000e+00,+0.000000000e+00,+0.000000000e+00,+0.000000000e+00,+0.000000000e+00,+0.000000000e+00,+0.000000000e+00,+0.000000000e+00,+0.000000000e+00,+0.000000000e+00,+0.000000000e+00,+0.000000000e+00,+0.000000000e+00,+0.000000000e+00,+0.000000000e+00,+1.000000000e+00,+0.000000000e+00,+0.000000000e+00,+0.000000000e+00,+0.000000000e+00,+0.000000000e+00,+0.000000000e+00,+0.000000000e+00,+0.000000000e+00,+0.000000000e+00,+0.000000000e+00,+0.000000000e+00,+0.000000000e+00,+0.000000000e+00,+0.000000000e+00 },
  {-3.616412716e+00,+0.000000000e+00,+0.000000000e+00,+0.000000000e+00,+0.000000000e+00,+0.000000000e+00,+0.000000000e+00,+0.000000000e+00,+0.000000000e+00,+0.000000000e+00,+0.000000000e+00,+0.000000000e+00,+0.000000000e+00,+0.000000000e+00,+0.000000000e+00,+0.000000000e+00,+0.000000000e+00,+1.000000000e+00,+0.000000000e+00,+0.000000000e+00,+0.000000000e+00,+0.000000000e+00,+0.000000000e+00,+0.000000000e+00,+0.000000000e+00,+0.000000000e+00,+0.000000000e+00,+0.000000000e+00,+0.000000000e+00,+0.000000000e+00,+0.000000000e+00 },
  {-7.756469594e-01,+0.000000000e+00,+0.000000000e+00,+0.000000000e+00,+0.000000000e+00,+0.000000000e+00,+0.000000000e+00,+0.000000000e+00,+0.000000000e+00,+0.000000000e+00,+0.000000000e+00,+0.000000000e+00,+0.000000000e+00,+0.000000000e+00,+0.000000000e+00,+0.000000000e+00,+0.000000000e+00,+0.000000000e+00,+1.000000000e+00,+0.000000000e+00,+0.000000000e+00,+0.000000000e+00,+0.000000000e+00,+0.000000000e+00,+0.000000000e+00,+0.000000000e+00,+0.000000000e+00,+0.000000000e+00,+0.000000000e+00,+0.000000000e+00,+0.000000000e+00 },
  {-3.554154634e+00,+0.000000000e+00,+0.000000000e+00,+0.000000000e+00,+0.000000000e+00,+0.000000000e+00,+0.000000000e+00,+0.000000000e+00,+0.000000000e+00,+0.000000000e+00,+0.000000000e+00,+0.000000000e+00,+0.000000000e+00,+0.000000000e+00,+0.000000000e+00,+0.000000000e+00,+0.000000000e+00,+0.000000000e+00,+0.000000000e+00,+1.000000000e+00,+0.000000000e+00,+0.000000000e+00,+0.000000000e+00,+0.000000000e+00,+0.000000000e+00,+0.000000000e+00,+0.000000000e+00,+0.000000000e+00,+0.000000000e+00,+0.000000000e+00,+0.000000000e+00 },
  {-1.409708326e+00,+0.000000000e+00,+0.000000000e+00,+0.000000000e+00,+0.000000000e+00,+0.000000000e+00,+0.000000000e+00,+0.000000000e+00,+0.000000000e+00,+0.000000000e+00,+0.000000000e+00,+0.000000000e+00,+0.000000000e+00,+0.000000000e+00,+0.000000000e+00,+0.000000000e+00,+0.000000000e+00,+0.000000000e+00,+0.000000000e+00,+0.000000000e+00,+1.000000000e+00,+0.000000000e+00,+0.000000000e+00,+0.000000000e+00,+0.000000000e+00,+0.000000000e+00,+0.000000000e+00,+0.000000000e+00,+0.000000000e+00,+0.000000000e+00,+0.000000000e+00 },
  {+2.454648096e-01,+0.000000000e+00,+0.000000000e+00,+0.000000000e+00,+0.000000000e+00,+0.000000000e+00,+0.000000000e+00,+0.000000000e+00,+0.000000000e+00,+0.000000000e+00,+0.000000000e+00,+0.000000000e+00,+0.000000000e+00,+0.000000000e+00,+0.000000000e+00,+0.000000000e+00,+0.000000000e+00,+0.000000000e+00,+0.000000000e+00,+0.000000000e+00,+0.000000000e+00,+1.000000000e+00,+0.000000000e+00,+0.000000000e+00,+0.000000000e+00,+0.000000000e+00,+0.000000000e+00,+0.000000000e+00,+0.000000000e+00,+0.000000000e+00,+0.000000000e+00 },
  {+6.764488392e+00,+0.000000000e+00,+0.000000000e+00,+0.000000000e+00,+0.000000000e+00,+0.000000000e+00,+0.000000000e+00,+0.000000000e+00,+0.000000000e+00,+0.000000000e+00,+0.000000000e+00,+0.000000000e+00,+0.000000000e+00,+0.000000000e+00,+0.000000000e+00,+0.000000000e+00,+0.000000000e+00,+0.000000000e+00,+0.000000000e+00,+0.000000000e+00,+0.000000000e+00,+0.000000000e+00,+1.000000000e+00,+0.000000000e+00,+0.000000000e+00,+0.000000000e+00,+0.000000000e+00,+0.000000000e+00,+0.000000000e+00,+0.000000000e+00,+0.000000000e+00 },
  {-1.383877775e+01,+0.000000000e+00,+0.000000000e+00,+0.000000000e+00,+0.000000000e+00,+0.000000000e+00,+0.000000000e+00,+0.000000000e+00,+0.000000000e+00,+0.000000000e+00,+0.000000000e+00,+0.000000000e+00,+0.000000000e+00,+0.000000000e+00,+0.000000000e+00,+0.000000000e+00,+0.000000000e+00,+0.000000000e+00,+0.000000000e+00,+0.000000000e+00,+0.000000000e+00,+0.000000000e+00,+0.000000000e+00,+1.000000000e+00,+0.000000000e+00,+0.000000000e+00,+0.000000000e+00,+0.000000000e+00,+0.000000000e+00,+0.000000000e+00,+0.000000000e+00 },
  {+4.888426927e+00,+0.000000000e+00,+0.000000000e+00,+0.000000000e+00,+0.000000000e+00,+0.000000000e+00,+0.000000000e+00,+0.000000000e+00,+0.000000000e+00,+0.000000000e+00,+0.000000000e+00,+0.000000000e+00,+0.000000000e+00,+0.000000000e+00,+0.000000000e+00,+0.000000000e+00,+0.000000000e+00,+0.000000000e+00,+0.000000000e+00,+0.000000000e+00,+0.000000000e+00,+0.000000000e+00,+0.000000000e+00,+0.000000000e+00,+1.000000000e+00,+0.000000000e+00,+0.000000000e+00,+0.000000000e+00,+0.000000000e+00,+0.000000000e+00,+0.000000000e+00 },
  {-6.814908566e+00,+0.000000000e+00,+0.000000000e+00,+0.000000000e+00,+0.000000000e+00,+0.000000000e+00,+0.000000000e+00,+0.000000000e+00,+0.000000000e+00,+0.000000000e+00,+0.000000000e+00,+0.000000000e+00,+0.000000000e+00,+0.000000000e+00,+0.000000000e+00,+0.000000000e+00,+0.000000000e+00,+0.000000000e+00,+0.000000000e+00,+0.000000000e+00,+0.000000000e+00,+0.000000000e+00,+0.000000000e+00,+0.000000000e+00,+0.000000000e+00,+1.000000000e+00,+0.000000000e+00,+0.000000000e+00,+0.000000000e+00,+0.000000000e+00,+0.000000000e+00 },
  {-8.965748445e+00,+0.000000000e+00,+0.000000000e+00,+0.000000000e+00,+0.000000000e+00,+0.000000000e+00,+0.000000000e+00,+0.000000000e+00,+0.000000000e+00,+0.000000000e+00,+0.000000000e+00,+0.000000000e+00,+0.000000000e+00,+0.000000000e+00,+0.000000000e+00,+0.000000000e+00,+0.000000000e+00,+0.000000000e+00,+0.000000000e+00,+0.000000000e+00,+0.000000000e+00,+0.000000000e+00,+0.000000000e+00,+0.000000000e+00,+0.000000000e+00,+0.000000000e+00,+1.000000000e+00,+0.000000000e+00,+0.000000000e+00,+0.000000000e+00,+0.000000000e+00 },
  {-9.732034756e-01,+0.000000000e+00,+0.000000000e+00,+0.000000000e+00,+0.000000000e+00,+0.000000000e+00,+0.000000000e+00,+0.000000000e+00,+0.000000000e+00,+0.000000000e+00,+0.000000000e+00,+0.000000000e+00,+0.000000000e+00,+0.000000000e+00,+0.000000000e+00,+0.000000000e+00,+0.000000000e+00,+0.000000000e+00,+0.000000000e+00,+0.000000000e+00,+0.000000000e+00,+0.000000000e+00,+0.000000000e+00,+0.000000000e+00,+0.000000000e+00,+0.000000000e+00,+0.000000000e+00,+1.000000000e+00,+0.000000000e+00,+0.000000000e+00,+0.000000000e+00 },
  {+2.336143621e-01,+0.000000000e+00,+0.000000000e+00,+0.000000000e+00,+0.000000000e+00,+0.000000000e+00,+0.000000000e+00,+0.000000000e+00,+0.000000000e+00,+0.000000000e+00,+0.000000000e+00,+0.000000000e+00,+0.000000000e+00,+0.000000000e+00,+0.000000000e+00,+0.000000000e+00,+0.000000000e+00,+0.000000000e+00,+0.000000000e+00,+0.000000000e+00,+0.000000000e+00,+0.000000000e+00,+0.000000000e+00,+0.000000000e+00,+0.000000000e+00,+0.000000000e+00,+0.000000000e+00,+0.000000000e+00,+1.000000000e+00,+0.000000000e+00,+0.000000000e+00 },
  {-1.433775668e+00,+0.000000000e+00,+0.000000000e+00,+0.000000000e+00,+0.000000000e+00,+0.000000000e+00,+0.000000000e+00,+0.000000000e+00,+0.000000000e+00,+0.000000000e+00,+0.000000000e+00,+0.000000000e+00,+0.000000000e+00,+0.000000000e+00,+0.000000000e+00,+0.000000000e+00,+0.000000000e+00,+0.000000000e+00,+0.000000000e+00,+0.000000000e+00,+0.000000000e+00,+0.000000000e+00,+0.000000000e+00,+0.000000000e+00,+0.000000000e+00,+0.000000000e+00,+0.000000000e+00,+0.000000000e+00,+0.000000000e+00,+1.000000000e+00,+0.000000000e+00 },
  {+2.542473135e+00,+0.000000000e+00,+0.000000000e+00,+0.000000000e+00,+0.000000000e+00,+0.000000000e+00,+0.000000000e+00,+0.000000000e+00,+0.000000000e+00,+0.000000000e+00,+0.000000000e+00,+0.000000000e+00,+0.000000000e+00,+0.000000000e+00,+0.000000000e+00,+0.000000000e+00,+0.000000000e+00,+0.000000000e+00,+0.000000000e+00,+0.000000000e+00,+0.000000000e+00,+0.000000000e+00,+0.000000000e+00,+0.000000000e+00,+0.000000000e+00,+0.000000000e+00,+0.000000000e+00,+0.000000000e+00,+0.000000000e+00,+0.000000000e+00,+1.000000000e+00 }   }
{ {+4.264495854e+05,+0.000000000e+00,+0.000000000e+00,+0.000000000e+00,+0.000000000e+00,+0.000000000e+00 },
  {+0.000000000e+00,+1.026330291e-06,+0.000000000e+00,+0.000000000e+00,+0.000000000e+00,+0.000000000e+00 },
  {+0.000000000e+00,+0.000000000e+00,+4.264495854e+05,+0.000000000e+00,+0.000000000e+00,+0.000000000e+00 },
  {+0.000000000e+00,+0.000000000e+00,+0.000000000e+00,+4.264495854e+05,+0.000000000e+00,+0.000000000e+00 },
  {+0.000000000e+00,+0.000000000e+00,+0.000000000e+00,+0.000000000e+00,+4.264495854e+05,+0.000000000e+00 },
  {+0.000000000e+00,+0.000000000e+00,+0.000000000e+00,+0.000000000e+00,+0.000000000e+00,+4.264495854e+05 }   }
{ {+4.513624419e-01,+7.776317421e-02,-5.952036989e-02,+0.000000000e+00,+1.151760281e+00,+1.224217555e+00 },
  {+7.776317421e-02,+1.347214886e-02,-7.889465488e-03,-1.151760281e+00,+0.000000000e+00,+2.054119276e-02 },
  {-5.952036989e-02,-7.889465488e-03,+8.423622698e-02,-1.224217555e+00,-2.054119276e-02,+0.000000000e+00 },
  {+0.000000000e+00,-1.151760281e+00,-1.224217555e+00,+1.027998628e+06,+0.000000000e+00,+0.000000000e+00 },
  {+1.151760281e+00,+0.000000000e+00,-2.054119276e-02,+0.000000000e+00,+1.027998628e+06,+0.000000000e+00 },
  {+1.224217555e+00,+2.054119276e-02,+0.000000000e+00,+0.000000000e+00,+0.000000000e+00,+1.027998628e+06 }   }
{ {+4.443576570e+03,+3.634731927e+02,+2.972121491e-02,+0.000000000e+00,-1.656780217e-01,-8.078973078e+03 },
  {+3.634731927e+02,+2.975559652e+01,+7.524502157e-02,+1.656780217e-01,+0.000000000e+00,-6.609435720e+02 },
  {+2.972121491e-02,+7.524502157e-02,+4.473222418e+03,+8.078973078e+03,+6.609435720e+02,+0.000000000e+00 },
  {+0.000000000e+00,+1.656780217e-01,+8.078973078e+03,+1.468902588e+04,+0.000000000e+00,+0.000000000e+00 },
  {-1.656780217e-01,+0.000000000e+00,+6.609435720e+02,+0.000000000e+00,+1.468902588e+04,+0.000000000e+00 },
  {-8.078973078e+03,-6.609435720e+02,+0.000000000e+00,+0.000000000e+00,+0.000000000e+00,+1.468902588e+04 }   }
{ {+1.789180788e-01,+4.728973395e-02,+1.372334452e-02,+0.000000000e+00,+5.397152096e-01,-1.252684729e-01 },
  {+4.728973395e-02,+1.834589087e-01,-1.988091188e-02,-5.397152096e-01,+0.000000000e+00,-3.127079248e-03 },
  {+1.372334452e-02,-1.988091188e-02,+1.560539383e-02,+1.252684729e-01,+3.127079248e-03,+0.000000000e+00 },
  {+0.000000000e+00,-5.397152096e-01,+1.252684729e-01,+2.264137435e+00,+0.000000000e+00,+0.000000000e+00 },
  {+5.397152096e-01,+0.000000000e+00,+3.127079248e-03,+0.000000000e+00,+2.264137435e+00,+0.000000000e+00 },
  {-1.252684729e-01,-3.127079248e-03,+0.000000000e+00,+0.000000000e+00,+0.000000000e+00,+2.264137435e+00 }   }
{+1.483186381e+00}
{+2.775950025e+00}
{+2.980117165e+00}
{+9.066210149e-01}
{+1.770540414e+00}
{+6.250540008e-01}
{+4.675698748e-01}
{+5.537665508e-01}
}
yMat = 
{
{ {+9.999999993e-01,+9.381911091e-02,-6.182426426e-04,+1.640658314e-04,+9.070436922e-02,+1.093488382e+00,+1.383082861e-01,-3.068157701e+00,-2.635970561e-02,-7.767293176e-01,+2.304119956e+00,-1.892290246e-01,+5.461293483e-03,+2.031486838e+00,-8.634274523e+00,-1.105567020e+00,+1.802275082e+01,+3.616407601e+00,+7.756446895e-01,+3.554152291e+00,+1.409708429e+00,-2.454635678e-01,-6.764477835e+00,+1.383877987e+01,-4.888413258e+00,+6.814910585e+00,+8.965741653e+00,+9.731987105e-01,-2.336154497e-01,+1.433776144e+00,-2.542472003e+00 },
  {+9.381911091e-02,+8.866818542e-03,-5.800298121e-05,+1.539251406e-05,+8.509803326e-03,+1.025901083e-01,+1.297596047e-02,-2.878518280e-01,-2.473044035e-03,-7.287205414e-02,+2.161704860e-01,-1.775329894e-02,+5.123737217e-04,+1.905922892e-01,-8.100599596e-01,-1.037233148e-01,+1.690878460e+00,+3.392881459e-01,+7.277029515e-02,+3.334474082e-01,+1.322575916e-01,-2.302917368e-02,-6.346372964e-01,+1.298342025e+00,-4.586265856e-01,+6.393688525e-01,+8.411579110e-01,+9.130463769e-02,-2.191759382e-02,+1.345156032e-01,-2.385324630e-01 },
  {-6.182426426e-04,-5.800298121e-05,+6.517501052e-05,-1.014325367e-07,-5.607731409e-05,-6.760411797e-04,-8.550808496e-05,+1.896865928e-03,+1.629669560e-05,+4.802071882e-04,-1.424505208e-03,+1.169894583e-04,-3.376407343e-06,-1.255951802e-03,+5.338076701e-03,+6.835086759e-04,-1.114243311e-02,-2.235817396e-03,-4.795366238e-04,-2.197328508e-03,-8.715418658e-04,+1.517560446e-04,+4.182088654e-03,-8.555723841e-03,+3.022225527e-03,-4.213268329e-03,-5.543003821e-03,-6.016729407e-04,+1.444310319e-04,-8.864215519e-04,+1.571864611e-03 },
  {+1.640658314e-04,+1.539251406e-05,-1.014325367e-07,+6.481970408e-05,+1.488149110e-05,+1.794041011e-04,+2.269166701e-05,-5.033798450e-04,-4.324728378e-06,-1.274347424e-04,+3.780273535e-04,-3.104602108e-05,+8.960135042e-07,+3.332975834e-04,-1.416589429e-03,-1.813857724e-04,+2.956917601e-03,+5.933289219e-04,+1.272567917e-04,+5.831149524e-04,+2.312849861e-04,-4.027218421e-05,-1.109819680e-03,+2.270470924e-03,-8.020215832e-04,+1.118093970e-03,+1.470971863e-03,+1.596686545e-04,-3.832831214e-05,+2.352336746e-04,-4.171327831e-04 },
  {+9.070436922e-02,+8.509803326e-03,-5.607731409e-05,+1.488149110e-05,+8.292075289e-03,+9.918417365e-02,+1.254516575e-02,-2.782953093e-01,-2.390940283e-03,-7.045274292e-02,+2.089937477e-01,-1.716389925e-02,+4.953631237e-04,+1.842647322e-01,-7.831664249e-01,-1.002797591e-01,+1.634742246e+00,+3.280239703e-01,+7.035436226e-02,+3.223771418e-01,+1.278667139e-01,-2.226461807e-02,-6.135676953e-01,+1.255237800e+00,-4.434004411e-01,+6.181421665e-01,+8.132319415e-01,+8.827337514e-02,-2.118994208e-02,+1.300497609e-01,-2.306133195e-01 },
  {+1.093488382e+00,+1.025901083e-01,-6.760411797e-04,+1.794041011e-04,+9.918417365e-02,+1.195781634e+00,+1.512385037e-01,-3.354994803e+00,-2.882403086e-02,-8.493444857e-01,+2.519528406e+00,-2.069197399e-01,+5.971860772e-03,+2.221407256e+00,-9.441478884e+00,-1.208924691e+00,+1.970766865e+01,+3.954499698e+00,+8.481584566e-01,+3.886424240e+00,+1.541499790e+00,-2.684115596e-01,-7.396877926e+00,+1.513254502e+01,-5.345423105e+00,+7.452025554e+00,+9.803934338e+00,+1.064181483e+00,-2.554557805e-01,+1.567817557e+00,-2.780163599e+00 },
  {+1.383082861e-01,+1.297596047e-02,-8.550808496e-05,+2.269166701e-05,+1.254516575e-02,+1.512385037e-01,+1.919397469e-02,-4.243516335e-01,-3.645765527e-03,-1.074281008e-01,+3.186788826e-01,-2.617194200e-02,+7.553420806e-04,+2.809714628e-01,-1.194191712e+00,-1.529090796e-01,+2.492695779e+00,+5.001791373e-01,+1.072780876e-01,+4.915687121e-01,+1.949743568e-01,-3.394964536e-02,-9.355833361e-01,+1.914017928e+00,-6.761080597e-01,+9.425586037e-01,+1.240036362e+00,+1.346014457e-01,-3.231095253e-02,+1.983031214e-01,-3.516449455e-01 },
  {-3.068157701e+00,-2.878518280e-01,+1.896865928e-03,-5.033798450e-04,-2.782953093e-01,-3.354994803e+00,-4.243516335e-01,+9.413656476e+00,+8.087573391e-02,+2.383128039e+00,-7.069403392e+00,+5.805844897e-01,-1.675610976e-02,-6.232921990e+00,+2.649131589e+01,+3.392053967e+00,-5.529664176e+01,-1.109570884e+01,-2.379800229e+00,-1.090469973e+01,-4.325207775e+00,+7.531209364e-01,+2.075448478e+01,-4.245955907e+01,+1.499842279e+01,-2.090922041e+01,-2.750830931e+01,-2.985927120e+00,+7.167690414e-01,-4.399051322e+00,+7.800705061e+00 },
  {-2.635970561e-02,-2.473044035e-03,+1.629669560e-05,-4.324728378e-06,-2.390940283e-03,-2.882403086e-02,-3.645765527e-03,+8.087573391e-02,+7.596267083e-04,+2.047435616e-02,-6.073592406e-02,+4.988021194e-03,-1.439579836e-04,-5.354939472e-02,+2.275969348e-01,+2.914242111e-02,-4.750744065e-01,-9.532743963e-02,-2.044576561e-02,-9.368640804e-02,-3.715949920e-02,+6.470347379e-03,+1.783096443e-01,-3.647861640e-01,+1.288571344e-01,-1.796390371e-01,-2.363343104e-01,-2.565323152e-02,+6.158034554e-03,-3.779391716e-02,+6.701881358e-02 },
  {-7.767293176e-01,-7.287205414e-02,+4.802071882e-04,-1.274347424e-04,-7.045274292e-02,-8.493444857e-01,-1.074281008e-01,+2.383128039e+00,+2.047435616e-02,+6.033732261e-01,-1.789677523e+00,+1.469797313e-01,-4.241946796e-03,-1.577915387e+00,+6.706494163e+00,+8.587263173e-01,-1.399879896e+01,-2.808969810e+00,-6.024659708e-01,-2.760614285e+00,-1.094961867e+00,+1.906587497e-01,+5.254168256e+00,-1.074898606e+01,+3.796973897e+00,-5.293340852e+00,-6.963954401e+00,-7.559119708e-01,+1.814559689e-01,-1.113655967e+00,+1.974812545e+00 },
  {+2.304119956e+00,+2.161704860e-01,-1.424505208e-03,+3.780273535e-04,+2.089937477e-01,+2.519528406e+00,+3.186788826e-01,-7.069403392e+00,-6.073592406e-02,-1.789677523e+00,+5.309033569e+00,-4.360063725e-01,+1.258347545e-02,+4.680789368e+00,-1.989440425e+01,-2.547359035e+00,+4.152657986e+01,+8.332636930e+00,+1.787178409e+00,+8.189193227e+00,+3.248137326e+00,-5.655775056e-01,-1.558616839e+01,+3.188620890e+01,-1.126349055e+01,+1.570237149e+01,+2.065814428e+01,+2.242366572e+00,-5.382780200e-01,+3.303592230e+00,-5.858160485e+00 },
  {-1.892290246e-01,-1.775329894e-02,+1.169894583e-04,-3.104602108e-05,-1.716389925e-02,-2.069197399e-01,-2.617194200e-02,+5.805844897e-01,+4.988021194e-03,+1.469797313e-01,-4.360063725e-01,+3.587241652e-02,-1.033435194e-03,-3.844162730e-01,+1.633855347e+00,+2.092053688e-01,-3.410427562e+00,-6.843292833e-01,-1.467744881e-01,-6.725487717e-01,-2.667577512e-01,+4.644883152e-02,+1.280035543e+00,-2.618698820e+00,+9.250296731e-01,-1.289578884e+00,-1.696578549e+00,-1.841574428e-01,+4.420682377e-02,-2.713120616e-01,+4.811094976e-01 },
  {+5.461293483e-03,+5.123737217e-04,-3.376407343e-06,+8.960135042e-07,+4.953631237e-04,+5.971860772e-03,+7.553420806e-04,-1.675610976e-02,-1.439579836e-04,-4.241946796e-03,+1.258347545e-02,-1.033435194e-03,+9.461848040e-05,+1.109454575e-02,-4.715430722e-02,-6.037825889e-03,+9.842753182e-02,+1.975026316e-02,+4.236023241e-03,+1.941026869e-02,+7.698831455e-03,-1.340548567e-03,-3.694279859e-02,+7.557763848e-02,-2.669705933e-02,+3.721822686e-02,+4.896454633e-02,+5.314923727e-03,-1.275842567e-03,+7.830272339e-03,-1.388518578e-02 },
  {+2.031486838e+00,+1.905922892e-01,-1.255951802e-03,+3.332975834e-04,+1.842647322e-01,+2.221407256e+00,+2.809714628e-01,-6.232921990e+00,-5.354939472e-02,-1.577915387e+00,+4.680789368e+00,-3.844162730e-01,+1.109454575e-02,+4.127003568e+00,-1.754041506e+01,-2.245944850e+00,+3.661298110e+01,+7.346684447e+00,+1.575711979e+00,+7.220213604e+00,+2.863804121e+00,-4.986560075e-01,-1.374194770e+01,+2.811329919e+01,-9.930747198e+00,+1.384440117e+01,+1.821378617e+01,+1.977040372e+00,-4.745867116e-01,+2.912697368e+00,-5.164998414e+00 },
  {-8.634274523e+00,-8.100599596e-01,+5.338076701e-03,-1.416589429e-03,-7.831664249e-01,-9.441478884e+00,-1.194191712e+00,+2.649131589e+01,+2.275969348e-01,+6.706494163e+00,-1.989440425e+01,+1.633855347e+00,-4.715430722e-02,-1.754041506e+01,+7.455076139e+01,+9.545769158e+00,-1.556133784e+02,-3.122505604e+01,-6.697129186e+00,-3.068752660e+01,-1.217180958e+01,+2.119399832e+00,+5.840635868e+01,-1.194878246e+02,+4.220790208e+01,-5.884180888e+01,-7.741267479e+01,-8.402864838e+00,+2.017099927e+00,-1.237961684e+01,+2.195240126e+01 },
  {-1.105567020e+00,-1.037233148e-01,+6.835086759e-04,-1.813857724e-04,-1.002797591e-01,-1.208924691e+00,-1.529090796e-01,+3.392053967e+00,+2.914242111e-02,+8.587263173e-01,-2.547359035e+00,+2.092053688e-01,-6.037825889e-03,-2.245944850e+00,+9.545769158e+00,+1.222343229e+00,-1.992535892e+01,-3.998180976e+00,-8.575271882e-01,-3.929353558e+00,-1.558527148e+00,+2.713764253e-01,+7.478583605e+00,-1.529969863e+01,+5.404468480e+00,-7.534340390e+00,-9.912228285e+00,-1.075936399e+00,+2.582775367e-01,-1.585135620e+00,+2.810873197e+00 },
  {+1.802275082e+01,+1.690878460e+00,-1.114243311e-02,+2.956917601e-03,+1.634742246e+00,+1.970766865e+01,+2.492695779e+00,-5.529664176e+01,-4.750744065e-01,-1.399879896e+01,+4.152657986e+01,-3.410427562e+00,+9.842753182e-02,+3.661298110e+01,-1.556133784e+02,-1.992535892e+01,+3.248196122e+02,+6.517761311e+01,+1.397925097e+01,+6.405560116e+01,+2.540682376e+01,-4.423928722e+00,-1.219144985e+02,+2.494128815e+02,-8.810265412e+01,+1.228234354e+02,+1.615873278e+02,+1.753971787e+01,-4.210393040e+00,+2.584059020e+01,-4.582233942e+01 },
  {+3.616407601e+00,+3.392881459e-01,-2.235817396e-03,+5.933289219e-04,+3.280239703e-01,+3.954499698e+00,+5.001791373e-01,-1.109570884e+01,-9.532743963e-02,-2.808969810e+00,+8.332636930e+00,-6.843292833e-01,+1.975026316e-02,+7.346684447e+00,-3.122505604e+01,-3.998180976e+00,+6.517761311e+01,+1.307846874e+01,+2.805047353e+00,+1.285326337e+01,+5.098080282e+00,-8.876963131e-01,-2.446310908e+01,+5.004666876e+01,-1.767849488e+01,+2.464549446e+01,+3.242377628e+01,+3.519483217e+00,-8.448486886e-01,+5.185118951e+00,-9.194615085e+00 },
  {+7.756446895e-01,+7.277029515e-02,-4.795366238e-04,+1.272567917e-04,+7.035436226e-02,+8.481584566e-01,+1.072780876e-01,-2.379800229e+00,-2.044576561e-02,-6.024659708e-01,+1.787178409e+00,-1.467744881e-01,+4.236023241e-03,+1.575711979e+00,-6.697129186e+00,-8.575271882e-01,+1.397925097e+01,+2.805047353e+00,+6.016894775e-01,+2.756759352e+00,+1.093432857e+00,-1.903925130e-01,-5.246831314e+00,+1.073397613e+01,-3.791671786e+00,+5.285949209e+00,+6.954229905e+00,+7.548564122e-01,-1.812025831e-01,+1.112100853e+00,-1.972054909e+00 },
  {+3.554152291e+00,+3.334474082e-01,-2.197328508e-03,+5.831149524e-04,+3.223771418e-01,+3.886424240e+00,+4.915687121e-01,-1.090469973e+01,-9.368640804e-02,-2.760614285e+00,+8.189193227e+00,-6.725487717e-01,+1.941026869e-02,+7.220213604e+00,-3.068752660e+01,-3.929353558e+00,+6.405560116e+01,+1.285326337e+01,+2.756759352e+00,+1.263206331e+01,+5.010318446e+00,-8.724149025e-01,-2.404198441e+01,+4.918513123e+01,-1.737416519e+01,+2.422123009e+01,+3.186561126e+01,+3.458896429e+00,-8.303048863e-01,+5.095858772e+00,-9.036332701e+00 },
  {+1.409708429e+00,+1.322575916e-01,-8.715418658e-04,+2.312849861e-04,+1.278667139e-01,+1.541499790e+00,+1.949743568e-01,-4.325207775e+00,-3.715949920e-02,-1.094961867e+00,+3.248137326e+00,-2.667577512e-01,+7.698831455e-03,+2.863804121e+00,-1.217180958e+01,-1.558527148e+00,+2.540682376e+01,+5.098080282e+00,+1.093432857e+00,+5.010318446e+00,+1.987342649e+00,-3.460320608e-01,-9.535941429e+00,+1.950864465e+01,-6.891237379e+00,+9.607036902e+00,+1.263908159e+01,+1.371926426e+00,-3.293296688e-01,+2.021206318e+00,-3.584144216e+00 },
  {-2.454635678e-01,-2.302917368e-02,+1.517560446e-04,-4.027218421e-05,-2.226461807e-02,-2.684115596e-01,-3.394964536e-02,+7.531209364e-01,+6.470347379e-03,+1.906587497e-01,-5.655775056e-01,+4.644883152e-02,-1.340548567e-03,-4.986560075e-01,+2.119399832e+00,+2.713764253e-01,-4.423928722e+00,-8.876963131e-01,-1.903925130e-01,-8.724149025e-01,-3.460320608e-01,+6.031715596e-02,+1.660432865e+00,-3.396916285e+00,+1.199927360e+00,-1.672812268e+00,-2.200762936e+00,-2.388848279e-01,+5.734408183e-02,-3.519398081e-01,+6.240842495e-01 },
  {-6.764477835e+00,-6.346372964e-01,+4.182088654e-03,-1.109819680e-03,-6.135676953e-01,-7.396877926e+00,-9.355833361e-01,+2.075448478e+01,+1.783096443e-01,+5.254168256e+00,-1.558616839e+01,+1.280035543e+00,-3.694279859e-02,-1.374194770e+01,+5.840635868e+01,+7.478583605e+00,-1.219144985e+02,-2.446310908e+01,-5.246831314e+00,-2.404198441e+01,-9.535941429e+00,+1.660432865e+00,+4.575822521e+01,-9.361211979e+01,+3.306756316e+01,-4.609931163e+01,-6.064856073e+01,-6.583181111e+00,+1.580286532e+00,-9.698746956e+00,+1.719849552e+01 },
  {+1.383877987e+01,+1.298342025e+00,-8.555723841e-03,+2.270470924e-03,+1.255237800e+00,+1.513254502e+01,+1.914017928e+00,-4.245955907e+01,-3.647861640e-01,-1.074898606e+01,+3.188620890e+01,-2.618698820e+00,+7.557763848e-02,+2.811329919e+01,-1.194878246e+02,-1.529969863e+01,+2.494128815e+02,+5.004666876e+01,+1.073397613e+01,+4.918513123e+01,+1.950864465e+01,-3.396916285e+00,-9.361211979e+01,+1.915118933e+02,-6.764967506e+01,+9.431004752e+01,+1.240749252e+02,+1.346788274e+01,-3.232952785e+00,+1.984171246e+01,-3.518471041e+01 },
  {-4.888413258e+00,-4.586265856e-01,+3.022225527e-03,-8.020215832e-04,-4.434004411e-01,-5.345423105e+00,-6.761080597e-01,+1.499842279e+01,+1.288571344e-01,+3.796973897e+00,-1.126349055e+01,+9.250296731e-01,-2.669705933e-02,-9.930747198e+00,+4.220790208e+01,+5.404468480e+00,-8.810265412e+01,-1.767849488e+01,-3.791671786e+00,-1.737416519e+01,-6.891237379e+00,+1.199927360e+00,+3.306756316e+01,-6.764967506e+01,+2.389664899e+01,-3.331409928e+01,-4.382825039e+01,-4.757397483e+00,+1.142008862e+00,-7.008890318e+00,+1.242865386e+01 },
  {+6.814910585e+00,+6.393688525e-01,-4.213268329e-03,+1.118093970e-03,+6.181421665e-01,+7.452025554e+00,+9.425586037e-01,-2.090922041e+01,-1.796390371e-01,-5.293340852e+00,+1.570237149e+01,-1.289578884e+00,+3.721822686e-02,+1.384440117e+01,-5.884180888e+01,-7.534340390e+00,+1.228234354e+02,+2.464549446e+01,+5.285949209e+00,+2.422123009e+01,+9.607036902e+00,-1.672812268e+00,-4.609931163e+01,+9.431004752e+01,-3.331409928e+01,+4.644307111e+01,+6.110072774e+01,+6.632262198e+00,-1.592068402e+00,+9.771056230e+00,-1.732671938e+01 },
  {+8.965741653e+00,+8.411579110e-01,-5.543003821e-03,+1.470971863e-03,+8.132319415e-01,+9.803934338e+00,+1.240036362e+00,-2.750830931e+01,-2.363343104e-01,-6.963954401e+00,+2.065814428e+01,-1.696578549e+00,+4.896454633e-02,+1.821378617e+01,-7.741267479e+01,-9.912228285e+00,+1.615873278e+02,+3.242377628e+01,+6.954229905e+00,+3.186561126e+01,+1.263908159e+01,-2.200762936e+00,-6.064856073e+01,+1.240749252e+02,-4.382825039e+01,+6.110072774e+01,+8.038458823e+01,+8.725448221e+00,-2.094535769e+00,+1.285486651e+01,-2.279514716e+01 },
  {+9.731987105e-01,+9.130463769e-02,-6.016729407e-04,+1.596686545e-04,+8.827337514e-02,+1.064181483e+00,+1.346014457e-01,-2.985927120e+00,-2.565323152e-02,-7.559119708e-01,+2.242366572e+00,-1.841574428e-01,+5.314923727e-03,+1.977040372e+00,-8.402864838e+00,-1.075936399e+00,+1.753971787e+01,+3.519483217e+00,+7.548564122e-01,+3.458896429e+00,+1.371926426e+00,-2.388848279e-01,-6.583181111e+00,+1.346788274e+01,-4.757397483e+00,+6.632262198e+00,+8.725448221e+00,+9.471805236e-01,-2.273542546e-01,+1.395349096e+00,-2.474330477e+00 },
  {-2.336154497e-01,-2.191759382e-02,+1.444310319e-04,-3.832831214e-05,-2.118994208e-02,-2.554557805e-01,-3.231095253e-02,+7.167690414e-01,+6.158034554e-03,+1.814559689e-01,-5.382780200e-01,+4.420682377e-02,-1.275842567e-03,-4.745867116e-01,+2.017099927e+00,+2.582775367e-01,-4.210393040e+00,-8.448486886e-01,-1.812025831e-01,-8.303048863e-01,-3.293296688e-01,+5.734408183e-02,+1.580286532e+00,-3.232952785e+00,+1.142008862e+00,-1.592068402e+00,-2.094535769e+00,-2.273542546e-01,+5.464097113e-02,-3.349522589e-01,+5.939607408e-01 },
  {+1.433776144e+00,+1.345156032e-01,-8.864215519e-04,+2.352336746e-04,+1.300497609e-01,+1.567817557e+00,+1.983031214e-01,-4.399051322e+00,-3.779391716e-02,-1.113655967e+00,+3.303592230e+00,-2.713120616e-01,+7.830272339e-03,+2.912697368e+00,-1.237961684e+01,-1.585135620e+00,+2.584059020e+01,+5.185118951e+00,+1.112100853e+00,+5.095858772e+00,+2.021206318e+00,-3.519398081e-01,-9.698746956e+00,+1.984171246e+01,-7.008890318e+00,+9.771056230e+00,+1.285486651e+01,+1.395349096e+00,-3.349522589e-01,+2.055778826e+00,-3.645335709e+00 },
  {-2.542472003e+00,-2.385324630e-01,+1.571864611e-03,-4.171327831e-04,-2.306133195e-01,-2.780163599e+00,-3.516449455e-01,+7.800705061e+00,+6.701881358e-02,+1.974812545e+00,-5.858160485e+00,+4.811094976e-01,-1.388518578e-02,-5.164998414e+00,+2.195240126e+01,+2.810873197e+00,-4.582233942e+01,-9.194615085e+00,-1.972054909e+00,-9.036332701e+00,-3.584144216e+00,+6.240842495e-01,+1.719849552e+01,-3.518471041e+01,+1.242865386e+01,-1.732671938e+01,-2.279514716e+01,-2.474330477e+00,+5.939607408e-01,-3.645335709e+00,+6.464228685e+00 }   }
{ {+1.519353956e-10,+0.000000000e+00,+0.000000000e+00,+0.000000000e+00,+0.000000000e+00,+0.000000000e+00 },
  {+0.000000000e+00,+1.528586830e+01,+0.000000000e+00,+0.000000000e+00,+0.000000000e+00,+0.000000000e+00 },
  {+0.000000000e+00,+0.000000000e+00,+1.519353956e-10,+0.000000000e+00,+0.000000000e+00,+0.000000000e+00 },
  {+0.000000000e+00,+0.000000000e+00,+0.000000000e+00,+1.519353956e-10,+0.000000000e+00,+0.000000000e+00 },
  {+0.000000000e+00,+0.000000000e+00,+0.000000000e+00,+0.000000000e+00,+1.519353956e-10,+0.000000000e+00 },
  {+0.000000000e+00,+0.000000000e+00,+0.000000000e+00,+0.000000000e+00,+0.000000000e+00,+1.519353956e-10 }   }
{ {+1.482856688e+01,-8.407636364e+01,+2.601740937e+00,-9.374540310e-05,-1.704207587e-05,-1.644652173e-05 },
  {-8.407636364e+01,+4.767089395e+02,-1.475111179e+01,+5.315323553e-04,+9.662670187e-05,+9.324986424e-05 },
  {+2.601740937e+00,-1.475111179e+01,+4.573014220e-01,-1.644652173e-05,-2.990086862e-06,-2.885620321e-06 },
  {-9.374540310e-05,+5.315323553e-04,-1.644652173e-05,+6.553000210e-10,+1.076682177e-10,+1.039021918e-10 },
  {-1.704207587e-05,+9.662670187e-05,-2.990086862e-06,+1.076682177e-10,+8.260120792e-11,+1.888851969e-11 },
  {-1.644652173e-05,+9.324986424e-05,-2.885620321e-06,+1.039021918e-10,+1.888851969e-11,+8.125594038e-11 }   }
{ {+4.442035731e+02,+1.430135139e+03,+1.449994237e+02,-7.976589666e+01,-6.519345886e+00,+3.086622053e+02 },
  {+1.430135139e+03,+4.604396509e+03,+4.668351365e+02,-2.568115257e+02,-2.098946093e+01,+9.937533635e+02 },
  {+1.449994237e+02,+4.668351365e+02,+4.733393345e+01,-2.603895597e+01,-2.128189813e+00,+1.007553575e+02 },
  {-7.976589666e+01,-2.568115257e+02,-2.603895597e+01,+1.432433729e+01,+1.170742357e+00,-5.542671291e+01 },
  {-6.519345886e+00,-2.098946093e+01,-2.128189813e+00,+1.170742357e+00,+9.568594361e-02,-4.530080250e+00 },
  {+3.086622053e+02,+9.937533635e+02,+1.007553575e+02,-5.542671291e+01,-4.530080250e+00,+2.144790554e+02 }   }
{ {+3.576208020e+03,-2.656919937e+03,-2.294677857e+03,-5.063869168e+02,-8.493116531e+02,+1.941920124e+02 },
  {-2.656919937e+03,+1.973942473e+03,+1.704813913e+03,+3.762172400e+02,+6.309904401e+02,-1.442736606e+02 },
  {-2.294677857e+03,+1.704813913e+03,+1.472392056e+03,+3.249227953e+02,+5.449617546e+02,-1.246035233e+02 },
  {-5.063869168e+02,+3.762172400e+02,+3.249227953e+02,+7.170398934e+01,+1.202615484e+02,-2.749736359e+01 },
  {-8.493116531e+02,+6.309904401e+02,+5.449617546e+02,+1.202615484e+02,+2.017025806e+02,-4.611855299e+01 },
  {+1.941920124e+02,-1.442736606e+02,-1.246035233e+02,-2.749736359e+01,-4.611855299e+01,+1.054486759e+01 }   }
{+4.368488357e-05}
{+2.334075679e-05}
{+2.174168717e-05}
{+7.146623804e-05}
{+3.659491958e-05}
{+1.036595177e-04}
{+1.385735243e-04}
{+1.170037841e-04}
}
    main loop time = 0.018935
        total time = 0.019878
  file  check time = 0.000000
  file change time = 0.000001
  file   read time = 0.000942
SDPA end at [Tue Sep 22 13:38:08 2026]
ALL TIME = 0.020925
